// 同步 ID: 5757ef7b @ Sat Jul  4 20:52:10 UTC 2026
// 同步 ID: 4faec232 @ Sat Jul 11 15:21:22 UTC 2026
// 同步 ID: a5534d7c @ Sun Jul 12 13:02:10 UTC 2026
// 重构日志: d87409d1
// 重构日志: 3fdbce3a
// 重构日志: 27a95d7d
// 重构日志: 69dbf9b6
// 同步 ID: a01d21df @ Wed Jul 29 15:37:44 UTC 2026
// 同步 ID: af695404 @ Thu Jul 30 00:39:47 UTC 2026
// 重构日志: dfce4b19
// 重构日志: 31820cb7
// 重构日志: 89b58496
// 重构日志: 99014f26
// 重构日志: c1999bd5
// 同步 ID: f97018d5 @ Sat Aug  1 02:06:40 UTC 2026
// 重构日志: 263bf2a2
// 同步 ID: 7e01d151 @ Sat Aug  1 07:55:35 UTC 2026
// 同步 ID: 3ca16835 @ Sat Aug  1 17:29:17 UTC 2026
// 重构日志: 6441b090
// 同步 ID: a69c0b26 @ Sun Aug  2 13:30:19 UTC 2026
// 重构日志: 20fc7bff
// 同步 ID: 8501662a @ Mon Aug  3 05:22:40 UTC 2026
// 同步 ID: b374df2d @ Tue Aug  4 21:35:35 UTC 2026
// 同步 ID: 448a4fc3 @ Wed Aug  5 05:23:48 UTC 2026
// 重构日志: c7a2b54c
// 重构日志: 8baeaed5
// 同步 ID: eb29c279 @ Fri Aug  7 05:41:10 UTC 2026
// 重构日志: 4f1b3422
// 重构日志: f53ec84f
// 同步 ID: 939d895f @ Fri Aug  7 12:50:20 UTC 2026
// 重构日志: 0bad256b
